60K	00.Usefull
4.0K	001_hyper_focus.log
4.0K	00README
1.6M	01.Data
20K	02.Plot
6.7M	02.Scalepack
147M	03.GUI
416K	05.OpenCV
20K	06.DiffData
80K	07.IDparams
28K	08.DynamicTable
252K	09.SACLA
84K	0Lars
756K	10.Zoo.bitbucket
5.5M	11.ClusterAnalysis
68K	12.Images
16K	12.KAMOmerge
12K	13.CircleIntegration
48K	14.CSV
24K	140510-NewKUMA
172K	16.ManyMerge
4.0K	160926-fluxDose_12.3984keV.dat
4.0K	161111.dat
12K	17.Kakouki
4.0K	170719-xiangyu.csv
4.0K	172_hyper_focus.log
4.0K	173_hyper_focus.log
4.0K	174_hyper_focus.log
532K	18.Report
4.0K	183_colliy.scn
4.0K	183_colliz.scn
8.0K	19.BSSlog
8.0K	20.SummaryDat
28K	21.KAMO
3.0M	22.Process
604K	23.AutoRefine
13M	24.NABE
20K	25.SGE
8.0K	26.CheckZOOresults
16K	27.Backup
60K	28.XDS_XSCALE
116K	29.CBFread
392K	30.RD11
692K	31.DIMPLE
8.0K	32.EvaluateMergedData
4.0K	32xu_mydaq2.py
12K	33.MergeDoseSlice
2.8M	888.GitTest
40M	93.ZooSandbox
3.1M	94.Sandbox
708K	95.Wide
20K	96.ZoomData
624K	98.Factory
8.0K	99.Test
4.0K	AbortSequential.py
4.0K	AdvancedSetting.py
112K	AlarmClock
20K	AnaBSSlog.py
16K	AnaBSSlog.pyc
16K	AnaCORRECT.py
16K	AnaCORRECT.py.45
12K	AnaCORRECT.pyc
8.0K	AnaDSlog.py
8.0K	AnaDSlog.pyc
16K	AnaXSCALE.py
12K	AnaXSCALE.pyc
28K	AnalyzePeak.py
20K	AnalyzePeak.py.100607
24K	AnalyzePeak.py.100715
20K	AnalyzePeak.py.save
32K	AnalyzePeak.pyc
4.0K	Anew.py
4.0K	AroundXSCALE.py
4.0K	AroundXSCALE.pyc
8.0K	Att.py
4.0K	Att.py.120526
8.0K	Att.pyc
8.0K	AttFactor.py
4.0K	AttFactor.py.till150526
8.0K	AttFactor.pyc
8.0K	AutoTune.py
8.0K	AutoTune.py.100722
8.0K	AutoTune.py.110202
8.0K	AutoTune.py.till.140610
12K	AutoTune.pyc
12K	AxesInfo.py
12K	AxesInfo.py.100615
12K	AxesInfo.py.save
12K	AxesInfo.pyc
4.0K	Axis_yk.py
52K	BANJO.WAV
4.0K	BL32XU.db
4.0K	BM.py
4.0K	BM.py.120531
4.0K	BM.pyc
4.0K	BMoff.py
4.0K	BMon.py
8.0K	BS.py
8.0K	BS.pyc
4.0K	BSSconfig.py
4.0K	BSSconfig.pyc
12K	BSSlog.py
12K	BeamCenter.py
8.0K	BeamCenter.py.190111
12K	BeamCenter.pyc
4.0K	Beamsize.py
8.0K	BeamsizeConfig.py
8.0K	BeamsizeConfig.pyc
4.0K	CCDlen.py
4.0K	CCDlen.py.121109
4.0K	CCDlen.pyc
4.0K	CMOS.py
4.0K	CMOS.pyc
4.0K	Calender.py
4.0K	CameraStage.py
12K	Capture.DFK72.py.200121
8.0K	Capture.py
4.0K	Capture.py.101123
8.0K	Capture.py.110118
16K	Capture.py.190311
8.0K	Capture.py.221206
12K	Capture.py.till_1903
8.0K	Capture.pyc
12K	Capture_201001.py
8.0K	Capture_201001.pyc
8.0K	CenteringNeedle.py
8.0K	CenteringNeedle.pyc
4.0K	CheckMTZ.py
4.0K	CheckStatus.py
4.0K	ChooseAndMakeXSCALEINP.py
8.0K	ChooseAndMakeXSCALEINP.pyc
4.0K	ClickCenter.py
4.0K	CoaxPint.py
4.0K	CoaxPint.pyc
4.0K	CoaxYZ.py
4.0K	CoaxYZ.py.save
4.0K	CoaxYZ.pyc
16K	Colli.py
4.0K	Colli.py.100715
12K	Colli.py.141117
12K	Colli.pyc
4.0K	ConfigFile.py
4.0K	ConfigFile.pyc
12K	Count.py
12K	Count.py.till.141117
8.0K	Count.pyc
8.0K	Count3.py
8.0K	Count3.pyc
4.0K	CounterInfo.py
4.0K	CounterInfo.pyc
4.0K	Cover.py
4.0K	Cover.pyc
64K	CryPic
4.0K	Cryo.py
4.0K	Cryo.pyc
4.0K	CryoCont.py
4.0K	CryoCont_yk.py
4.0K	DSS.py
4.0K	DSS.pyc
4.0K	Daily.py
4.0K	Date.py
4.0K	Date.pyc
4.0K	DetectorStage.py
4.0K	DetectorStage.pyc
20K	Device.py
20K	Device.pyc
16K	Device_200929.py
16K	Device_200929.pyc
12K	Device_yk.py
16K	Device_yk.pyc
24K	DiffPower
4.0K	DiffScan.py
8.0K	DiffscanLog.py
8.0K	DiffscanLog.pyc
16K	DirectoryProc.py
12K	DirectoryProc.pyc
4.0K	Dose.py
4.0K	DumpRecover.py
4.0K	DumpRecover.pyc
4.0K	DynamicTable.py
4.0K	DynamicTable.pyc
4.0K	ELT.ICO
4.0K	EigerLog.py
4.0K	Enc.py
4.0K	Enc.pyc
4.0K	EstimateDose.py
4.0K	EstimateDose.pyc
4.0K	ExSlit1.py
4.0K	ExSlit1.py.till.120605
4.0K	ExSlit1.pyc
4.0K	ExSlit2.py
4.0K	ExSlit2.py.100701
8.0K	ExSlit2.pyc
36K	ExceptionTest
4.0K	ExpSetup.py
8.0K	FES.py
8.0K	FES.pyc
4.0K	File.py
8.0K	File.pyc
4.0K	File.py~
4.0K	FileString.py
4.0K	FileString.pyc
8.0K	FindNeedle.py
8.0K	FindNeedle.pyc
4.0K	Fitting.py
8.0K	Fitting.pyc
4.0K	FittingNumpy.py
12K	FixedPoint.py
12K	FixedPoint.pyc
4.0K	Flux.py
4.0K	Flux.pyc
4.0K	Gauss.py
4.0K	Gauss.pyc
4.0K	Gmail.py
4.0K	Gmail.pyc
0	Gonio.py
8.0K	Gonio.py.100514
16K	Gonio.py.110622save
16K	Gonio.py.110721
28K	Gonio.py.airbear
28K	Gonio.py.ddgonio
24K	Gonio.pyc
4.0K	GonioBacklash.py
8.0K	GonioVec.py
8.0K	GonioVec.pyc
4.0K	GuiCom.py
4.0K	HSserver.py
4.0K	HamaphotoBeam.py
4.0K	HamaphotoBeamSTD.py
4.0K	HeatLoadTest.py
8.0K	ID.py
8.0K	ID.pyc
4.0K	IDparam.py
4.0K	IDparam.pyc
4.0K	ImageGrav.py
4.0K	ImageGrav.py.190111
4.0K	ImageGrav.pyc
4.0K	Image_mv.py
1.1M	Junk
4.0K	KAMOoverride.py
4.0K	KKK
5.0M	KUMA
4.0K	KUMAtune.py
8.0K	KUMAtune.pyc
4.0K	LarsDS.py
4.0K	LarsDS.py.2
4.0K	LarsDS.py.3
4.0K	LarsDS.py.4
356K	Libs
4.0K	Light.py
4.0K	Light.pyc
4.0K	LogFile.py
4.0K	LogFile.pyc
136K	Logs
8.0K	Loop.py
4.0K	MBS.py
4.0K	MBS.pyc
4.0K	MXserver.py
4.0K	MXserver.pyc
4.0K	MakePDF
8.0K	Mirror.py
8.0K	Mirror.pyc
4.0K	MirrorTuneUnit.py
4.0K	MirrorTuneUnit.pyc
8.0K	Mirror_yk.py
8.0K	Mirror_yk.pyc
16K	Mono.py
12K	Mono.py_bak131107
12K	Mono.pyc
16K	Mono_200929.py
12K	Mono_200929.pyc
20K	Morning.140626-debug.py
20K	Morning.140626.py
28K	Morning.py
28K	Morning.py.200119
28K	Morning.py.200121
28K	Morning.py.221206
20K	Morning.py.till.1903
24K	Morning.pyc
20K	Morning.till.141117
12K	Motor.py
12K	Motor.py.till.141122
12K	Motor.pyc
4.0K	MountPin.py
4.0K	MountPin.pyc
12K	MultiCrystal.py
12K	MultiCrystal.py.141023
12K	MultiCrystal.py.BL41XU_151007
12K	MultiCrystal.py.abeshi.151110
12K	MultiCrystal.pyc
16K	MultiCrystalZoo.py
16K	MultiCrystalZoo.pyc
12K	MultiCrystal_HE.py
8.0K	MultiPointRD.py
8.0K	MultiPointRD.pyc
4.0K	MultiProcess.py
4.0K	Music.py
1.2M	MusicSource
4.0K	MyDaq.py
4.0K	MyDate.py
4.0K	MyDate.pyc
4.0K	MyException.py
4.0K	MyException.pyc
4.0K	NeedlePicture.py
4.0K	NeedlePicture.py.19011
4.0K	NeedlePicture.pyc
4.0K	NeedleXcenter.py
4.0K	OpencvUtil.py
8.0K	Organizer.py
8.0K	Organizer.pyc
4.0K	PLRD.py
4.0K	PPM.py
8.0K	Picture.py
8.0K	Picture.pyc
4.0K	PlateYZ.py
4.0K	PlateYZ.pyc
4.0K	Plot.pyc
4.0K	PointCry.py
8.0K	Polling_yk.py
20K	Procedure.py
16K	Procedure.py.120606
16K	Procedure.py.till.120607
4.0K	RD.py
4.0K	RDprop.py
4.0K	RDprop.py.120526
4.0K	RDprop.pyc
4.0K	README.md
4.0K	Raddose.py
8.0K	Raddose.pyc
4.0K	Received.py
4.0K	Received.pyc
4.0K	Resolution.py
4.0K	Resolution.pyc
4.0K	ResolutionMX300HE.py
4.0K	RingCurrent.py
4.0K	RingCurrent.pyc
4.0K	RotationCenter.orig.py
4.0K	RotationCenter.py
4.0K	RotationCenter.pyc
4.0K	RunXDSXSCALE.py
4.0K	RunXDSXSCALE.pyc
588K	SCN
4.0K	SPACE.py
4.0K	SPACE.pyc
4.0K	SPACElog.py
4.0K	S_wire_scan.py
33M	Sandbox
4.0K	Saved
4.0K	Scalepack.py
4.0K	ScanAxis.py
4.0K	ScanAxis.pyc
20K	ScheduleBSS.py
12K	ScheduleBSS.py.120424
12K	ScheduleBSS.py.120610
20K	ScheduleBSS.py.131011
20K	ScheduleBSS.pyc
20K	ScheduleBSS_HS.py
20K	ScheduleBSS_HS.pyc
20K	ScheduleBSS_HS_SH.py
20K	ScheduleBSS_HS_SH.pyc
12K	ScheduleBSS_RD.py
8.0K	ScheduleBSS_RD2.py
36K	Scripts
4.0K	ShelxLog.py
4.0K	Shutter.py
4.0K	Shutter.pyc
4.0K	Singleton.py
4.0K	Singleton.pyc
8.0K	Stage.py
12K	Stage.pyc
4.0K	StageTable.py
8.0K	StageTune.py
8.0K	StageTune.py.110202
4.0K	Subprocess.py
4.0K	Subprocess.pyc
8.0K	T
8.0K	TCS.py
8.0K	TCS.py.100512
8.0K	TCS.pyc
4.0K	TCSsimple.py
4.0K	TCSsimple.pyc
4.0K	Takayama.py
4.0K	TemplateMatch.py
4.0K	TemplateMatch.py.190111
4.0K	TemplateMatch.pyc
4.0K	TemplateMatchHigh.py
4.0K	TemplateMatchYlow.py
4.0K	TemplateMatchZZ.py
4.0K	TemplateMatching.py
4.0K	TestTest.py
4.0K	Untitled.ipynb
24K	User
4.0K	Vector.py
4.0K	VectorGonio.py
4.0K	VectorGonio.py.100723
124K	WireScan
16K	WireScan.py
12K	WireScan.pyc
4.0K	XDSCONV.LP
4.0K	XDSascii.py
4.0K	XDSascii.pyc
4.0K	XDSrefl.py
4.0K	XDSrefl.pyc
4.0K	XSCALEinp.py
4.0K	XSCALEinp.pyc
112K	Yamc
4.0K	Zoom.py
4.0K	Zoom.pyc
0	__init__.py
8.0K	__pycache__
4.0K	a.py
8.0K	aging_mono.py
4.0K	alarmFile.pkl
48K	all.sch
4.0K	all_open.py
4.0K	ana.py
4.0K	ana_bsslog.py
4.0K	ana_bsslog_manual.py
4.0K	ana_correct.py
4.0K	ana_correct_lst.py
4.0K	ana_dslog.py
4.0K	ana_enc.py
4.0K	ana_nikai.py
8.0K	ana_savefile.py
4.0K	ana_shutter.py
4.0K	ana_trigger_in_bsslog.py
4.0K	ana_xscale.py
4.0K	ana_xscale_lst.py
4.0K	ana_xscalelp.py
12K	anaaxes
4.0K	analyze_CORRECT.LP.py
4.0K	analyze_helical_dose.py
4.0K	analyze_id_table.py
4.0K	analyze_knife.py
4.0K	analyze_peak.py
4.0K	analyze_rock.py
4.0K	analyze_spotxds.py
4.0K	analyze_spotxds_list_morerefl.py
4.0K	analyze_we7000.py
4.0K	analyze_wire_scan.py
4.0K	analyze_xafs.py
4.0K	analyze_xafs.py.ori
4.0K	argparse.py
4.0K	argparse.pyc
4.0K	asing_mono.py
4.0K	att_calc.py
4.0K	att_energy_table.py
4.0K	att_scan.py
4.0K	att_set.py
4.0K	att_trans_1A_obs.tbl
4.0K	attfac.py
4.0K	auto.py
4.0K	auto_merge_ccc.sh
4.0K	auto_tune.py
4.0K	ave_column.py
4.0K	beam_posi_before_mirror.py
4.0K	beam_position.110407.py
4.0K	beam_position.110711.py
4.0K	beam_position.111104.py
4.0K	beam_position.py
4.0K	beam_position_100709.py
4.0K	beam_position_100712.py
4.0K	beam_position_vert.py
4.0K	beamcap.py
4.0K	beamsize.config
4.0K	beamsize.config.161111
4.0K	beamsize.config.190626
8.0K	beamsize.config.190627
4.0K	beamsize_list.py
0	bl32xu.conf
4.0K	bl32xu.conf.141203
4.0K	bl32xu.conf.150130
4.0K	bl32xu.conf.151020
4.0K	bl32xu.conf.151029
4.0K	bl32xu.conf.151120
4.0K	bl32xu.conf.170407
4.0K	bl32xu.conf.180115
4.0K	bl32xu.conf.180402
4.0K	bl32xu.conf.180407
4.0K	bl32xu.conf.180607
4.0K	bl32xu.conf.180928
4.0K	bl32xu.conf.190116
4.0K	bl32xu.conf.190328
4.0K	bl32xu.conf.190927
4.0K	bl32xu.conf.190930
4.0K	bl32xu.conf.200110
4.0K	bl32xu.conf.200118
4.0K	bl32xu.conf.200330
4.0K	bl32xu.conf.200930
4.0K	bl32xu.conf.201006
4.0K	bl32xu.conf.201228
4.0K	bl32xu.conf.210118
4.0K	bl32xu.conf.210222
4.0K	bl32xu.conf.230406
4.0K	bl32xu.conf.230511
4.0K	bl32xu.conf.231031
4.0K	bl32xu.conf.231031~
4.0K	bl32xu.conf.bak_150116
4.0K	bl32xu.conf.save
4.0K	bl32xu.conf.till.141122
4.0K	bm_greasup.py
4.0K	bm_off.py
4.0K	bm_on.py
4.0K	bp_before_mirror.py
4.0K	bs_2dscan.py
4.0K	bs_2dscan_fine.py
4.0K	bs_2dscan_narrow.py
4.0K	bs_2dscan_set.py
4.0K	bs_greasup.py
4.0K	bzip2_listed.py
4.0K	c.py
8.0K	c.py.pdf
4.0K	calcRDpropFWHM.py
4.0K	calcVeclen.py
4.0K	calc_dist.py
4.0K	calc_exposure.py
4.0K	calc_exposure2.py
4.0K	calc_flux.py
4.0K	calc_partiality.py
4.0K	cap.py
4.0K	cap_en.py
4.0K	cap_fast.py
4.0K	capture.py
4.0K	capture_long.py
4.0K	cbf.py
4.0K	cbf_average_image.py
4.0K	cbf_merge_image_eme.py
4.0K	cbf_merge_image_kh.py
4.0K	cbf_merge_in_dataset.py
4.0K	centering.py
4.0K	centering_needle.py
4.0K	change_energy.py
4.0K	change_etune.py
4.0K	change_mono_e_only.py
4.0K	check_2intensity.py
8.0K	check_beamsize.py
8.0K	check_beamsize_yk.py
4.0K	check_blws.py
4.0K	check_copy_list.py
4.0K	check_intensity.py
4.0K	check_kumatune.py
4.0K	choose_and_xscale.py
4.0K	circle_fitting.py
4.0K	client.c
4.0K	close_shutter.py
4.0K	colli_2d.py
4.0K	colli_greasup.py
4.0K	colli_off_light_on.py
4.0K	colli_pin.py
4.0K	colli_scan.py
4.0K	colli_scan_rdprop.py
4.0K	com.py
4.0K	condition.py
4.0K	conf.py
4.0K	copy_file_to_dir_in_listfile.py
4.0K	correct_dump.py
4.0K	count.py
4.0K	count_econtami.py
4.0K	count_fluctuation.py
4.0K	count_only.py
4.0K	count_rdprop.py
4.0K	count_simple.py
4.0K	counter.py
4.0K	counter_yk.py
4.0K	cryo.py
4.0K	crypic.py
4.0K	dat
4.0K	database.py
4.0K	detector_home.py
4.0K	determine_att_thick.py
4.0K	determine_att_thick.tmp.py
4.0K	determine_att_thick_yk.py
4.0K	diff_scan_gonio.py
4.0K	diffscan_wire_plot.py
4.0K	dir.py
4.0K	directory_proc.py
4.0K	div.py
4.0K	dose_rate.py
4.0K	dose_rate.py.save
4.0K	dtheta_8.5keV_id.py
4.0K	dtheta_8.5keV_z2.py
4.0K	dtheta_8.5keV_zt.py
4.0K	dtheta_move.py
4.0K	dtheta_new.py
4.0K	dtheta_tcs_fullopen.py
4.0K	dtheta_tune.py
4.0K	dtheta_tune_2step.py
4.0K	dtheta_tune_monday.py
4.0K	dtheta_tune_peak.py
4.0K	dtheta_tune_peak.py.110206
4.0K	dtheta_tune_peak.py.old
4.0K	dtheta_tune_peak_2hours.py
4.0K	dtheta_tune_peak_bl.py
4.0K	dtheta_tune_peak_config.py
4.0K	dtheta_tune_peak_fo.py
4.0K	dtheta_tune_peak_le.py
4.0K	dtheta_tune_per_time.py
16K	du.list
4.0K	du_large.list
4.0K	easy_mp_easy_script.py
8.0K	easy_wire.py
4.0K	echo_time.py
4.0K	eiger_info.py
4.0K	enc_shutter.py
4.0K	encoder.py
4.0K	energy.tbl
4.0K	energy_dose.txt
4.0K	energy_scan.121028.py
4.0K	energy_scan.150915.py
4.0K	energy_scan.160404.py
4.0K	energy_scan.py
4.0K	estimate_dose.py
4.0K	evac.py
4.0K	evac_cryo.py
4.0K	evac_for_video.py
4.0K	exp_test.py
4.0K	exslit2_apert.py
4.0K	fbme_yk.py
4.0K	fes_position.py
4.0K	fes_scan.121028.py
4.0K	fes_scan.130126.py
4.0K	fes_scan.171122.py
4.0K	fes_scan.190328.py
4.0K	fes_scan.200929.py
4.0K	fes_scan.py
4.0K	fes_scan.py.110117
4.0K	fes_scan.py.190328
4.0K	fes_scan.py.till.140405
4.0K	fes_scan_hori.140405.py
4.0K	fes_scan_hori.py
4.0K	fes_scan_simple.py
4.0K	fes_scan_vert.py
4.0K	fes_scan_vert_simple.py
4.0K	fes_scan_wrong.py
4.0K	fes_set_apert.py
4.0K	fes_zero.py
4.0K	fin.py
4.0K	find_correct_and_plot.py
4.0K	finish_bpm.py
4.0K	finish_scan.py
4.0K	finish_scan_dum.py
4.0K	finish_scan_he.py
4.0K	fire.py
8.0K	fit.log
4.0K	fit_pint.py
4.0K	fix_at_sample.py
4.0K	fix_at_sample2.py
4.0K	fix_before_mirror.140407.py
4.0K	fix_before_mirror.140509.py
4.0K	fix_before_mirror.140610.py
4.0K	fix_before_mirror.140708.py
4.0K	fix_before_mirror.140929.py
4.0K	fix_before_mirror.150115.py
4.0K	fix_before_mirror.160620.py
4.0K	fix_before_mirror.160912.py
4.0K	fix_before_mirror.170406.py
4.0K	fix_before_mirror.170928.py
4.0K	fix_before_mirror.180404.py
4.0K	fix_before_mirror.191112.py
4.0K	fix_before_mirror.201118-2.py
4.0K	fix_before_mirror.201118.py
4.0K	fix_before_mirror.easy.py
4.0K	fix_before_mirror.py
4.0K	fix_before_mirror_z2.160405.py
4.0K	fix_before_mirror_z2.160406.py
4.0K	fix_before_mirror_z2.160507.py
4.0K	fix_before_mirror_z2_y.160405.py
4.0K	fix_before_mirror_z2_y.160507.py
4.0K	fix_before_mirror_z2_y.py
4.0K	fix_equation_check.160507.py
4.0K	fix_z_at_tcs.py
4.0K	fix_z_before_mirror.py
4.0K	fixed_slit2_tune.py
4.0K	fixexit_quick.py
4.0K	flux.py
4.0K	flux_1x10um_111118.py
4.0K	flux_at_sample_110416.py
4.0K	flux_beamsize.py
4.0K	flux_before_mirror.py
4.0K	flux_before_mirror_energy.py
4.0K	flux_measure.py
4.0K	flux_raddose.py
4.0K	flux_raddose_energy.py
16K	fluxfactor-190626.dat
20K	fluxfactor-190627.dat
4.0K	fuckinTenoseBitch.py
4.0K	fuckinTenoseBitch2.py
4.0K	get_FreeR_from_jelly.py
4.0K	gggg.py
4.0K	git_add.com
4.0K	git_add_kaki.com
4.0K	git_bioxtal.com
120K	gitlog.txt
4.0K	gl.py
4.0K	gmail.py
4.0K	gmail_data.py
4.0K	gmail_dlist.py
4.0K	gmail_gzip.py
4.0K	gmail_ls.py
4.0K	gmail_ls2.py
4.0K	gmail_pdf.py
4.0K	gmail_send_text.py
4.0K	gmail_single_png.py
4.0K	gmail_text.py
4.0K	gmail_tgz.py
4.0K	gmail_zoo.py
4.0K	gmail_zoo_report.py
4.0K	gonio.list
4.0K	gonio_2d_scan.py
4.0K	gonio_capture.py
4.0K	gonio_capture.py.orig
4.0K	gonio_chuuten.py
4.0K	gonio_encoder_diff_adv.py
4.0K	gonio_encoder_intensity.py
4.0K	gonio_encoder_value.py
4.0K	gonio_encoder_zure.py
4.0K	gonio_info.py
4.0K	gonio_mount_position.py
4.0K	gonio_move.py
4.0K	gonio_pint.py
12K	gonio_scan.py
4.0K	gonio_speed_check.py
4.0K	grease_distribute.py
4.0K	hdf_back_count.py
4.0K	helpme.py
4.0K	hyper_focus.py
4.0K	hyper_focus_recover.py
4.0K	hyper_wire_scan.py
4.0K	i
4.0K	id_detune.py
4.0K	id_gap_peak.py
4.0K	id_move.py
4.0K	id_offset_dtscan.py
256K	id_splined.dat
28K	id_splined1.dat
4.0K	id_study.py
4.0K	id_study.yk.py
4.0K	id_study2.py
4.0K	id_study_7GeV.py
4.0K	id_study_7GeV_higher.py
8.0K	id_study_yk.py
4.0K	id_tune_at_sample_110416.py
8.0K	iii.py
44K	iiii
4.0K	ika.py
4.0K	imos2pix.py
4.0K	in.py
4.0K	insert.py
4.0K	intensity_stability.py
4.0K	intensity_stability_buffered.py
4.0K	intensity_stability_lineality.py
4.0K	j.py
4.0K	job.com
4.0K	json_test.json
4.0K	json_test.py
4.0K	junk.py
4.0K	kindan.py
4.0K	kkk
4.0K	kumalong.py
4.0K	kuzu
4.0K	lars.sch
4.0K	lars2.sch
4.0K	long.csh
4.0K	long2.csh
8.0K	long_fixed.py
4.0K	long_stability_at_sample.py
4.0K	m.py
4.0K	m_yk.py
4.0K	mail.sh
4.0K	make_att_table.py
4.0K	make_dynamic.py
4.0K	make_dynamic.py.120608
4.0K	make_dynamic.py.120608_bk
4.0K	make_dynamic.py.121008_bk
4.0K	make_dynamic.py.130409_bk
4.0K	make_dynamic.py.140409
4.0K	make_formerge.py
4.0K	make_kamo_override.py
4.0K	make_list_axes.py
4.0K	make_plot.py
4.0K	make_plot_okutsu.py
4.0K	make_scalepackcom.py
4.0K	make_scalepackparam.py
4.0K	make_stage_colli_table.121008.py
4.0K	make_stage_colli_table.130409.py
4.0K	make_stage_colli_table.130410.py
4.0K	make_stage_colli_table.131003.py
4.0K	make_stage_colli_table.131006.py
4.0K	make_stage_colli_table.140411.py
4.0K	make_stage_colli_table.py
4.0K	making_stage_resolution.py
4.0K	mbs_id_change_after_dump.py
8.0K	measure_beam_divergence.py
4.0K	measure_flux_att.py
4.0K	measure_flux_for_bsconf.py
4.0K	measure_flux_for_bsconf_200331.py
4.0K	measure_flux_for_bsconf_new.200929.py
4.0K	measure_flux_for_bsconf_new.py
4.0K	merge_cbf_h5.py
4.0K	merge_cbf_imsg_keitaro.py
4.0K	merge_prep.py
4.0K	mirror_half.py
8.0K	mirror_half_and_stage.200929.py
8.0K	mirror_half_and_stage.py
4.0K	mirror_half_and_stage_yk.190116.py
4.0K	mirror_half_and_stage_yk.py
4.0K	mirror_pin_bm.py
4.0K	mirror_pin_bm.py.100513
4.0K	mirror_pin_bm.py.100801
4.0K	mirror_pin_bm.py.oldccd
4.0K	mono_stable.py
4.0K	mono_ty1_fixed_before_mirror.py
4.0K	morning_noE.py
4.0K	morning_tune.180607.py
4.0K	morning_tune.py
4.0K	morning_tune_20keV.py
4.0K	morning_yk.py
4.0K	mortest.py
4.0K	mt.py
4.0K	mt_1.28A.py
4.0K	multi.py
4.0K	multi_auto.py
4.0K	multi_auto.py.till.120610
8.0K	multi_auto_beam.140717.py
8.0K	multi_auto_beam.py
8.0K	multi_auto_beam.py.120610
4.0K	multi_manual.py
4.0K	multi_pos.py
4.0K	multi_semiauto.py
4.0K	multi_semiauto.py.120421
4.0K	multi_semiauto.py.120610
12K	multi_shutterless_test.py
4.0K	myfont.py
4.0K	myfont.pyc
4.0K	needle_center_capture.py
4.0K	needle_center_coaxz.py
4.0K	needle_center_from_ppm.OK.py
4.0K	needle_center_from_ppm.py
4.0K	needle_center_yscan.py
4.0K	needle_center_zz.py
4.0K	needle_center_zz.py.save
4.0K	needle_data.py
4.0K	needle_intensity_center.py
4.0K	needle_intensity_center_long.py
4.0K	needle_intensity_center_psic.py
4.0K	needle_morning.py
4.0K	needle_x_cen.py
4.0K	new
4.0K	normalize.py
4.0K	o.py
8.0K	o_Stage_yk.py
4.0K	old
4.0K	open_read_template.py
4.0K	open_shutter.py
4.0K	opencv_sample.py
4.0K	optparse_test.py
4.0K	ot.py
4.0K	ot2.py
4.0K	p.py
4.0K	paired_refine.com
4.0K	pika.py
4.0K	pin.py
4.0K	pin_intensity.py
4.0K	pint.py
4.0K	plot_all_csv_in_this_dire.py
4.0K	pppp.py
4.0K	prefix_num.py
4.0K	prep_bm.py
4.0K	prep_bpm.py
4.0K	prep_centering.py
4.0K	prep_scan.py
4.0K	prep_scan_detector.py
4.0K	prep_scan_dum.py
4.0K	prep_scan_he.py
4.0K	print_attfac.py
4.0K	process.py
4.0K	psic.py
4.0K	pyback.com
4.0K	q.py
0	r.lst
4.0K	rad.py
104K	raddose
4.0K	raddose.com
4.0K	raddose.log
4.0K	raddose.py
4.0K	raddose_easy.py
4.0K	raddose_test.py
4.0K	raw.py
4.0K	raw_space.py
0	rd_prop.plt
0	rd_prop.tbl
4.0K	rd_scan.py
4.0K	read_encoder.py
4.0K	refine_mirror_inc.py
4.0K	reflection
4.0K	remove_listed_files.py
4.0K	reset_encoder.py
4.0K	reset_gonio_pulse.py
4.0K	reset_gonioz.py
4.0K	rotate_count.py
4.0K	rough_scan.py
4.0K	rough_scan2.py
4.0K	runbsssimu.com
4.0K	s
280K	savefile_0408.txt
348K	savefile_0927.txt
792K	savefile_201107.txt
4.0K	scaleScn.py
4.0K	scan_energy.py
4.0K	scan_speed.py
4.0K	send_gmail_text.py
4.0K	set_hd.csh
4.0K	set_probe.csh
4.0K	set_slit2_apert.py
4.0K	set_wire_rough.py
4.0K	shika_plot.py
4.0K	shutter_check.py
4.0K	shutter_gonioenc.py
4.0K	shutter_gonioenc.py.save
20K	size.lst
4.0K	slit1_cont.py
4.0K	slit1_scan.py
4.0K	slit2_hv_scan.py
4.0K	sort.py
4.0K	sp8chat.py
4.0K	spline.py
8.0K	stability_for_operation.py
4.0K	stage_param.py
4.0K	stage_position_check.py
4.0K	stage_scan.py
8.0K	stage_tune.py
4.0K	stage_tune_yk.py
4.0K	stage_yz_tune.py
4.0K	suggest_att.py
0	suggest_best_att.py
4.0K	sumup_xds_i.py
16K	t.py
4.0K	table_for_operation.py
4.0K	tako.py
4.0K	tcs_aperture_flux.py
4.0K	tcs_blade_check_with_hamaccd.py
4.0K	tcs_correction.py
4.0K	tcs_greasup.py
4.0K	tcs_info.dat
4.0K	tcs_open_close.py
4.0K	tcs_position_energy.130508.py
4.0K	tcs_scan.110711.py
4.0K	tcs_scan.111104.py
4.0K	tcs_scan.111214.py
4.0K	tcs_scan.180606.py
4.0K	tcs_scan.180611.py
4.0K	tcs_scan.200204.py
4.0K	tcs_scan.fixedgap.py
4.0K	tcs_scan.py
4.0K	tcs_scan.wide.py
4.0K	tcs_scan_and_comeback.py
4.0K	tcs_scan_final_position.py
4.0K	tcs_scan_hori.py
4.0K	tcs_scan_large.py
4.0K	tcs_scan_only.py
4.0K	tcs_scan_simple.140405.py
4.0K	tcs_scan_simple.py
4.0K	tcs_scan_vert.py
4.0K	tcs_set_aperture.py
4.0K	tcs_set_beamsize.py
4.0K	tcs_set_position.py
8.0K	tcs_stage_pos_energy.py
4.0K	tcs_zero.180606.py
4.0K	tcs_zero.py
4.0K	tcs_zero2.py
4.0K	tcs_zero_check_daccho.py
4.0K	tcs_zero_h.py
4.0K	tcs_zero_vert.py
4.0K	temptest.py
4.0K	temptest2.py
0	test
4.0K	test.com
8.0K	test.dat
4.0K	test.py
8.0K	test2.dat
4.0K	test_beam_position.py
4.0K	testtest.py
4.0K	text.file
4.0K	timer.py
4.0K	timestr.py
4.0K	timetime.py
4.0K	tmp
4.0K	torikoboshi.py
4.0K	tttt.com
4.0K	tttt.py
8.0K	tttttt.py
4.0K	tune.conf
4.0K	tune_diffractometer.py
4.0K	tune_gzz.py
4.0K	tune_hfmtz.py
4.0K	tune_mirror_inc.py
4.0K	tune_sty_bm.py
4.0K	tune_sty_by_beammonitor.py
4.0K	tune_sty_n.py
4.0K	tune_sty_needle.py
4.0K	tune_sty_wire.py
4.0K	tune_stz_needle.orig.py
4.0K	tune_stz_needle.py
4.0K	tune_stz_wire.py
4.0K	tune_tcs_fullopen.py
8.0K	tune_tcs_mirror_stage.py
8.0K	tune_tcs_mirror_stage_yk.py
4.0K	u.py
4.0K	variable_zoom.py
4.0K	various_tcs.py
4.0K	vector.py
8.0K	w_yk.180625.py
8.0K	w_yk.190116.py
8.0K	w_yk.py
8.0K	w_yk_HyperFocus.190522.py
4.0K	webcam.py
8.0K	wire_check_trans.py
8.0K	wire_hyper.py
8.0K	wire_scan.py
8.0K	wire_scan_150917_with_Z2tune.py
8.0K	wire_scan_1um.py
8.0K	wire_scan_LE_nooffset.py
4.0K	wire_scan_energy_aperture.py
4.0K	wire_scan_energy_aperture_RD.py
4.0K	wire_scan_energy_aperture_re.py
4.0K	wire_scan_energy_aperture_with_colli.7GeV.py
4.0K	wire_scan_energy_aperture_with_colli.py
8.0K	wire_scan_new.py
4.0K	wirez_energy.py
4.0K	xafs_detector.py
1.2M	xds
4.0K	xds_scale_summarize_from_list.py
4.0K	xdsascii_choose_from_list.py
4.0K	xdsascii_sort_and_make_list.py
4.0K	xscale_choose.py
4.0K	xscale_choose2.py
4.0K	xscale_summarize_from_list.py
4.0K	yk.py
4.0K	zoomin.py
4.0K	zoomout.py
